// Jest Snapshot v1, https://goo.gl/fbAQLP

exports[`CalculatorDisplay mounts 1`] = `"<div style=\\"transform: scale(1,1);\\" data-testid=\\"total\\">0</div>"`;

exports[`super heros returns super heros that can fly 1`] = `
Array [
  Object {
    "name": "Dynaguy",
    "powers": Array [
      "disintegration ray",
      "fly",
    ],
  },
  Object {
    "name": "Apogee",
    "powers": Array [
      "gravity control",
      "fly",
    ],
  },
]
`;
